ASxxxx Linker V03.00/V05.40 + sdld,  page 1.
Hexadecimal  [32-Bits]

Area                                    Addr        Size        Decimal Bytes (Attributes)
--------------------------------        ----        ----        ------- ----- ------------
CABS                                00000000    00000000 =           0. bytes (ABS,CON,CODE)

      Value  Global                              Global Defined In Module
      -----  --------------------------------   ------------------------
C:   00000000  l_BIT_BANK                      
C:   00000000  l_CABS                          
C:   00000000  l_CONST                         
C:   00000000  l_GSINIT0                       
C:   00000000  l_GSINIT1                       
C:   00000000  l_GSINIT2                       
C:   00000000  l_GSINIT3                       
C:   00000000  l_GSINIT4                       
C:   00000000  l_GSINIT5                       
C:   00000000  l_IABS                          
C:   00000000  l_ISEG                          
C:   00000000  l_PSEG                          
C:   00000000  l_REG_BANK_1                    
C:   00000000  l_REG_BANK_2                    
C:   00000000  l_REG_BANK_3                    
C:   00000000  l_RSEG                          
C:   00000000  l_RSEG0                         
C:   00000000  l_RSEG1                         
C:   00000000  l_XABS                          
C:   00000000  l_XINIT                         
C:   00000000  l_XISEG                         
C:   00000000  l_XSEG                          
C:   00000000  l__CODE                         
C:   00000000  s_BSEG                          
C:   00000000  s_CABS                          
C:   00000000  s_DSEG                          
C:   00000000  s_HOME                          
C:   00000000  s_IABS                          
C:   00000000  s_IABS2                         
C:   00000000  s_ISEG                          
C:   00000000  s_REG_BANK_0                    
C:   00000000  s_RSEG                          
C:   00000000  s_RSEG0                         
C:   00000000  s_RSEG1                         
C:   00000000  s_XABS                          
C:   00000001  l_BSEG                          
C:   00000001  l_BSEG_BYTES                    
C:   00000001  l_OSEG                          
C:   00000001  s_PSEG                          
C:   00000001  s_XISEG                         
C:   00000001  s_XSEG                          
C:   00000003  l_GSFINAL                       
C:   00000003  l_IABS2                         
C:   00000008  l_REG_BANK_0                    
C:   00000008  s_OSEG                          
C:   00000008  s_REG_BANK_1                    
C:   00000009  l_GSINIT                        
C:   00000010  s_REG_BANK_2                    
C:   00000011  l_HOME                          
C:   00000011  s_GSINIT                        
ASxxxx Linker V03.00/V05.40 + sdld,  page 2.
Hexadecimal  [32-Bits]

Area                                    Addr        Size        Decimal Bytes (Attributes)
--------------------------------        ----        ----        ------- ----- ------------
CABS                                00000000    00000000 =           0. bytes (ABS,CON,CODE)

      Value  Global                              Global Defined In Module
      -----  --------------------------------   ------------------------
C:   00000011  s_GSINIT0                       
C:   00000011  s_GSINIT1                       
C:   00000011  s_GSINIT2                       
C:   00000011  s_GSINIT3                       
C:   00000011  s_GSINIT4                       
C:   00000011  s_GSINIT5                       
C:   00000018  s_BIT_BANK                      
C:   00000018  s_REG_BANK_3                    
C:   0000001A  s_GSFINAL                       
C:   0000001D  s_CSEG                          
C:   00000020  s_BSEG_BYTES                    
C:   00000020  s__CODE                         
C:   00000040  s_SSEG                          
C:   0000004D  l_DSEG                          
C:   000000C0  l_SSEG                          
C:   00000100  l_IRAM                          
C:   00000479  l_CSEG                          
C:   00000496  s_CONST                         
C:   00000496  s_XINIT                         
ASxxxx Linker V03.00/V05.40 + sdld,  page 3.
Hexadecimal  [32-Bits]

Area                                    Addr        Size        Decimal Bytes (Attributes)
--------------------------------        ----        ----        ------- ----- ------------
IABS2                               00000000    00000003 =           3. bytes (ABS,CON)

      Value  Global                              Global Defined In Module
      -----  --------------------------------   ------------------------
     0000003D  _Buffer                            test3thread

ASxxxx Linker V03.00/V05.40 + sdld,  page 4.
Hexadecimal  [32-Bits]

Area                                    Addr        Size        Decimal Bytes (Attributes)
--------------------------------        ----        ----        ------- ----- ------------
.  .ABS.                            00000000    00000000 =           0. bytes (ABS,CON)

      Value  Global                              Global Defined In Module
      -----  --------------------------------   ------------------------
     00000000  .__.ABS.                           _gptrput
     00000020  _SP0                               preemptive
     00000021  _SP1                               preemptive
     00000022  _SP2                               preemptive
     00000023  _SP3                               preemptive
     00000024  _Map                               preemptive
     00000025  _Cur_ID                            preemptive
     00000030  _SP_old                            preemptive
     00000031  _SP_new                            preemptive
     00000032  _New_ID                            preemptive
     00000033  _Next_ID                           preemptive
     00000036  _Mutex                             test3thread
     00000037  _Full                              test3thread
     00000038  _Empty                             test3thread
     00000039  _Word1                             test3thread
     0000003A  _Word2                             test3thread
     0000003B  _Head                              test3thread
     0000003C  _Tail                              test3thread
     00000080  _P0                                preemptive
     00000080  _P0_0                              preemptive
     00000081  _P0_1                              preemptive
     00000081  _SP                                preemptive
     00000082  _DPL                               preemptive
     00000082  _P0_2                              preemptive
     00000083  _DPH                               preemptive
     00000083  _P0_3                              preemptive
     00000084  _P0_4                              preemptive
     00000085  _P0_5                              preemptive
     00000086  _P0_6                              preemptive
     00000087  _P0_7                              preemptive
     00000087  _PCON                              preemptive
     00000088  _IT0                               preemptive
     00000088  _TCON                              preemptive
     00000089  _IE0                               preemptive
     00000089  _TMOD                              preemptive
     0000008A  _IT1                               preemptive
     0000008A  _TL0                               preemptive
     0000008B  _IE1                               preemptive
     0000008B  _TL1                               preemptive
     0000008C  _TH0                               preemptive
     0000008C  _TR0                               preemptive
     0000008D  _TF0                               preemptive
     0000008D  _TH1                               preemptive
     0000008E  _TR1                               preemptive
     0000008F  _TF1                               preemptive
     00000090  _P1                                preemptive
     00000090  _P1_0                              preemptive
     00000091  _P1_1                              preemptive
     00000092  _P1_2                              preemptive
     00000093  _P1_3                              preemptive
ASxxxx Linker V03.00/V05.40 + sdld,  page 5.
Hexadecimal  [32-Bits]

Area                                    Addr        Size        Decimal Bytes (Attributes)
--------------------------------        ----        ----        ------- ----- ------------
.  .ABS.                            00000000    00000000 =           0. bytes (ABS,CON)

      Value  Global                              Global Defined In Module
      -----  --------------------------------   ------------------------
     00000094  _P1_4                              preemptive
     00000095  _P1_5                              preemptive
     00000096  _P1_6                              preemptive
     00000097  _P1_7                              preemptive
     00000098  _RI                                preemptive
     00000098  _SCON                              preemptive
     00000099  _SBUF                              preemptive
     00000099  _TI                                preemptive
     0000009A  _RB8                               preemptive
     0000009B  _TB8                               preemptive
     0000009C  _REN                               preemptive
     0000009D  _SM2                               preemptive
     0000009E  _SM1                               preemptive
     0000009F  _SM0                               preemptive
     000000A0  _P2                                preemptive
     000000A0  _P2_0                              preemptive
     000000A1  _P2_1                              preemptive
     000000A2  _P2_2                              preemptive
     000000A3  _P2_3                              preemptive
     000000A4  _P2_4                              preemptive
     000000A5  _P2_5                              preemptive
     000000A6  _P2_6                              preemptive
     000000A7  _P2_7                              preemptive
     000000A8  _EX0                               preemptive
     000000A8  _IE                                preemptive
     000000A9  _ET0                               preemptive
     000000AA  _EX1                               preemptive
     000000AB  _ET1                               preemptive
     000000AC  _ES                                preemptive
     000000AF  _EA                                preemptive
     000000B0  _P3                                preemptive
     000000B0  _P3_0                              preemptive
     000000B0  _RXD                               preemptive
     000000B1  _P3_1                              preemptive
     000000B1  _TXD                               preemptive
     000000B2  _INT0                              preemptive
     000000B2  _P3_2                              preemptive
     000000B3  _INT1                              preemptive
     000000B3  _P3_3                              preemptive
     000000B4  _P3_4                              preemptive
     000000B4  _T0                                preemptive
     000000B5  _P3_5                              preemptive
     000000B5  _T1                                preemptive
     000000B6  _P3_6                              preemptive
     000000B6  _WR                                preemptive
     000000B7  _P3_7                              preemptive
     000000B7  _RD                                preemptive
     000000B8  _IP                                preemptive
     000000B8  _PX0                               preemptive
     000000B9  _PT0                               preemptive
     000000BA  _PX1                               preemptive
ASxxxx Linker V03.00/V05.40 + sdld,  page 6.
Hexadecimal  [32-Bits]

Area                                    Addr        Size        Decimal Bytes (Attributes)
--------------------------------        ----        ----        ------- ----- ------------
.  .ABS.                            00000000    00000000 =           0. bytes (ABS,CON)

      Value  Global                              Global Defined In Module
      -----  --------------------------------   ------------------------
     000000BB  _PT1                               preemptive
     000000BC  _PS                                preemptive
     000000D0  _P                                 preemptive
     000000D0  _PSW                               preemptive
     000000D1  _F1                                preemptive
     000000D2  _OV                                preemptive
     000000D3  _RS0                               preemptive
     000000D4  _RS1                               preemptive
     000000D5  _F0                                preemptive
     000000D6  _AC                                preemptive
     000000D7  _CY                                preemptive
     000000E0  _ACC                               preemptive
     000000F0  _B                                 preemptive
     000000F5  _B_5                               _gptrput
     000000F6  _B_6                               _gptrput
     000000F7  _B_7                               _gptrput
ASxxxx Linker V03.00/V05.40 + sdld,  page 7.
Hexadecimal  [32-Bits]

Area                                    Addr        Size        Decimal Bytes (Attributes)
--------------------------------        ----        ----        ------- ----- ------------
BSEG_BYTES                          00000020    00000001 =           1. bytes (REL,CON)

      Value  Global                              Global Defined In Module
      -----  --------------------------------   ------------------------
ASxxxx Linker V03.00/V05.40 + sdld,  page 8.
Hexadecimal  [32-Bits]

Area                                    Addr        Size        Decimal Bytes (Attributes)
--------------------------------        ----        ----        ------- ----- ------------
REG_BANK_0                          00000000    00000008 =           8. bytes (REL,OVR)

      Value  Global                              Global Defined In Module
      -----  --------------------------------   ------------------------
ASxxxx Linker V03.00/V05.40 + sdld,  page 9.
Hexadecimal  [32-Bits]

Area                                    Addr        Size        Decimal Bytes (Attributes)
--------------------------------        ----        ----        ------- ----- ------------
DSEG                                00000000    0000004D =          77. bytes (REL,CON)

      Value  Global                              Global Defined In Module
      -----  --------------------------------   ------------------------
ASxxxx Linker V03.00/V05.40 + sdld,  page 10.
Hexadecimal  [32-Bits]

Area                                    Addr        Size        Decimal Bytes (Attributes)
--------------------------------        ----        ----        ------- ----- ------------
OSEG                                00000008    00000001 =           1. bytes (REL,OVR)

      Value  Global                              Global Defined In Module
      -----  --------------------------------   ------------------------
     00000008  _SemaphoreCreate_PARM_2            test3thread
     00000008  __gptrput_PARM_2                   _gptrput

ASxxxx Linker V03.00/V05.40 + sdld,  page 11.
Hexadecimal  [32-Bits]

Area                                    Addr        Size        Decimal Bytes (Attributes)
--------------------------------        ----        ----        ------- ----- ------------
SSEG                                00000040    000000C0 =         192. bytes (REL,OVR)

      Value  Global                              Global Defined In Module
      -----  --------------------------------   ------------------------
     00000040  __start__stack                     test3thread

ASxxxx Linker V03.00/V05.40 + sdld,  page 12.
Hexadecimal  [32-Bits]

Area                                    Addr        Size        Decimal Bytes (Attributes)
--------------------------------        ----        ----        ------- ----- ------------
HOME                                00000000    00000011 =          17. bytes (REL,CON,CODE)

      Value  Global                              Global Defined In Module
      -----  --------------------------------   ------------------------
C:   0000000E  __sdcc_program_startup             test3thread

ASxxxx Linker V03.00/V05.40 + sdld,  page 13.
Hexadecimal  [32-Bits]

Area                                    Addr        Size        Decimal Bytes (Attributes)
--------------------------------        ----        ----        ------- ----- ------------
GSINIT                              00000011    00000009 =           9. bytes (REL,CON,CODE)

      Value  Global                              Global Defined In Module
      -----  --------------------------------   ------------------------
ASxxxx Linker V03.00/V05.40 + sdld,  page 14.
Hexadecimal  [32-Bits]

Area                                    Addr        Size        Decimal Bytes (Attributes)
--------------------------------        ----        ----        ------- ----- ------------
GSFINAL                             0000001A    00000003 =           3. bytes (REL,CON,CODE)

      Value  Global                              Global Defined In Module
      -----  --------------------------------   ------------------------
ASxxxx Linker V03.00/V05.40 + sdld,  page 15.
Hexadecimal  [32-Bits]

Area                                    Addr        Size        Decimal Bytes (Attributes)
--------------------------------        ----        ----        ------- ----- ------------
CSEG                                0000001D    00000479 =        1145. bytes (REL,CON,CODE)

      Value  Global                              Global Defined In Module
      -----  --------------------------------   ------------------------
C:   0000001D  _SemaphoreCreate                   test3thread
C:   0000003A  _Producer1                         test3thread
C:   00000074  _Producer2                         test3thread
C:   000000AE  _Consumer                          test3thread
C:   000000E8  _main                              test3thread
C:   0000012D  __sdcc_gsinit_startup              test3thread
C:   00000131  __mcs51_genRAMCLEAR                test3thread
C:   00000132  __mcs51_genXINIT                   test3thread
C:   00000133  __mcs51_genXRAMCLEAR               test3thread
C:   00000134  _timer0_ISR                        test3thread
C:   00000138  _Bootstrap                         preemptive
C:   00000195  _myTimer0Handler                   preemptive
C:   00000217  _ThreadCreate                      preemptive
C:   000002C1  _ThreadYield                       preemptive
C:   000003A3  _ThreadExit                        preemptive
C:   0000047B  __gptrput                          _gptrput

ASxxxx Linker V03.00/V05.40 + sdld,  page 16.

Files Linked                              [ module(s) ]

test3thread.rel                           [  ]
preemptive.rel                            [  ]


Libraries Linked                          [ object file ]

/Users/sunny/Desktop/sdcc/bin/../share/sdcc/lib/small/libsdcc.lib
                                          [ _gptrput.rel ]

ASxxxx Linker V03.00/V05.40 + sdld,  page 17.

User Base Address Definitions

HOME = 0x0000
XSEG = 0x0001
PSEG = 0x0001
ISEG = 0x0000
BSEG = 0x0000

